Microchip MPLAB XC8 Compiler V2.36

Linker command line:

-W-3 --edf=C:\Program Files\Microchip\xc8\v2.36\pic\dat\en_msgs.txt -cn \
  -h+dist/default/production\cruize_control.X.production.sym \
  --cmf=dist/default/production\cruize_control.X.production.cmf -z -Q18F458 \
  -oC:\Users\sk69648\AppData\Local\Temp\xcAs1lc.4 --defsym=__MPLAB_BUILD=1 \
  -Mdist/default/production/cruize_control.X.production.map \
  --md=C:\Users\sk69648\AppData\Local\Temp\xcAs1lc.dat -E1 \
  -ver=XC8 Compiler --acfsm=1493 -ACODE=00h-03FFFhx2 -ACONST=00h-07FFFh \
  -ASMALLCONST=0600h-06FFhx122 -AMEDIUMCONST=0600h-07FFFh -ACOMRAM=01h-05Fh \
  -AABS1=00h-05FFh -ABIGRAM=01h-05FFh -ARAM=060h-0FFh,0100h-01FFhx5 \
  -ABANK0=060h-0FFh -ABANK1=0100h-01FFh -ABANK2=0200h-02FFh \
  -ABANK3=0300h-03FFh -ABANK4=0400h-04FFh -ABANK5=0500h-05FFh \
  -ASFR=0F00h-0F5Fh,0F60h-0FFFh -ABIGSFR=0F00h-0FFFh \
  -ACONFIG=0300000h-030000Dh -AIDLOC=0200000h-0200007h \
  -AEEDATA=0F00000h-0F000FFh -peeprom_data=EEDATA \
  -preset_vec=00h,intcode=08h,intcodelo,powerup,init -pramtop=0600h \
  -psmallconst=SMALLCONST -pmediumconst=MEDIUMCONST -pconst=CONST \
  -AFARRAM=00h-00h \
  -prdata=COMRAM,nvrram=COMRAM,nvbit=COMRAM,rbss=COMRAM,rbit=COMRAM \
  -pfarbss=FARRAM,fardata=FARRAM,nvFARRAM=FARRAM \
  -pintsave_regs=BIGRAM,bigbss=BIGRAM,bigdata=BIGRAM -pbss=RAM \
  -pidata=CODE,irdata=CODE,ibigdata=CODE,ifardata=CODE -prparam=COMRAM \
  C:\Users\sk69648\AppData\Local\Temp\xcAs1lc.o \
  dist/default/production\cruize_control.X.production.o 

Object code version is 3.11

Machine type is 18F458



                Name                               Link     Load   Length Selector   Space Scale
C:\Users\sk69648\AppData\Local\Temp\xcAs1lc.o
                idloc                            200000   200000        8        0       5
                config                           300000   300000        E        0       4
                text                                7D4      7D4        2        4       0
                init                                 2C       2C        4        4       0
                reset_vec                             0        0        6        0       0
dist/default/production\cruize_control.X.production.o
                intcode                               8        8       24        4       0
                idloc                            200000   200000        8        0       5
                config                           300000   300000        E        0       4
                temp                                 1F       1F        1        1       1
                text19                              2AA      2AA      154        4       0
                text18                              686      686       40        4       0
                text17                               30       30      27A        4       0
                text16                              6EE      6EE       26        4       0
                text15                              7BE      7BE        C        4       0
                text14                              5C0      5C0       70        4       0
                text12                              7CA      7CA        A        4       0
                text11                              7B2      7B2        C        4       0
                text10                              546      546       7A        4       0
                text9                               3FE      3FE       CA        4       0
                text8                               630      630       56        4       0
                text7                               77E      77E       14        4       0
                text6                               714      714       20        4       0
                text5                               6C6      6C6       28        4       0
                text4                               768      768       16        4       0
                text3                               734      734       1E        4       0
                text2                               792      792       12        4       0
                text1                               7A4      7A4        E        4       0
                text0                               4C8      4C8       7E        4       0
                cstackCOMRAM                         18       18        7        1       1
                bssCOMRAM                             1        1       17        1       1
                cinit                               752      752       16        4       0

TOTAL           Name                               Link     Load   Length     Space
        CLASS   CODE           
                intcode                               8        8       24         0
                text                                7D4      7D4        2         0
                init                                 2C       2C        4         0
                reset_vec                             0        0        6         0
                text19                              2AA      2AA      154         0
                text18                              686      686       40         0
                text17                               30       30      27A         0
                text16                              6EE      6EE       26         0
                text15                              7BE      7BE        C         0
                text14                              5C0      5C0       70         0
                text12                              7CA      7CA        A         0
                text11                              7B2      7B2        C         0
                text10                              546      546       7A         0
                text9                               3FE      3FE       CA         0
                text8                               630      630       56         0
                text7                               77E      77E       14         0
                text6                               714      714       20         0
                text5                               6C6      6C6       28         0
                text4                               768      768       16         0
                text3                               734      734       1E         0
                text2                               792      792       12         0
                text1                               7A4      7A4        E         0
                text0                               4C8      4C8       7E         0
                cinit                               752      752       16         0

        CLASS   CONST          

        CLASS   SMALLCONST     

        CLASS   MEDIUMCONST    

        CLASS   COMRAM         
                temp                                 1F       1F        1         1
                cstackCOMRAM                         18       18        7         1
                bssCOMRAM                             1        1       17         1

        CLASS   ABS1           

        CLASS   BIGRAM         

        CLASS   RAM            

        CLASS   BANK0          

        CLASS   BANK1          

        CLASS   BANK2          

        CLASS   BANK3          

        CLASS   BANK4          

        CLASS   BANK5          

        CLASS   SFR            

        CLASS   BIGSFR         

        CLASS   CONFIG         
                config                           300000   300000        E         4

        CLASS   IDLOC          
                idloc                            200000   200000        8         5

        CLASS   EEDATA         

        CLASS   FARRAM         

        CLASS   HEAP           

        CLASS   STACK          



SEGMENTS        Name                           Load    Length   Top    Selector   Space  Class

                reset_vec                      000000  000006  000006         0       0  CODE    
                bssCOMRAM                      000001  00001F  000020         1       1  COMRAM  
                intcode                        000008  0007CE  0007D6         4       0  CODE    


UNUSED ADDRESS RANGES

        Name                Unused          Largest block    Delta
        BANK0            000060-0000FF               A0
        BANK1            000100-0001FF              100
        BANK2            000200-0002FF              100
        BANK3            000300-0003FF              100
        BANK4            000400-0004FF              100
        BANK5            000500-0005FF              100
        BIGRAM           000020-0005FF              5E0
        BIGSFR           000F00-000FFF              100
        CODE             000006-000007                2
                         0007D6-007FFF             382A
        COMRAM           000020-00005F               40
        CONST            000006-000007                2
                         0007D6-007FFF             782A
        EEDATA           F00000-F000FF              100
        MEDIUMCONST      0007D6-007FFF             782A
        RAM              000060-0005FF              100
        SFR              000F00-000FFF               60
        SMALLCONST       0007D6-007FFF              100

                                  Symbol Table

_BRGCON1                                                             (abs)        000F70
_BRGCON2                                                             (abs)        000F71
_BRGCON3                                                             (abs)        000F72
_CANCON                                                              (abs)        000F6F
_CANSTAT                                                             (abs)        000F6E
_CIOCON                                                              (abs)        000F73
_GIE                                                                 (abs)        007F97
_INTCON2bits                                                         (abs)        000FF1
_IPR3bits                                                            (abs)        000FA5
_ISR1                                                                intcode      000008
_PEIE                                                                (abs)        007F96
_PIE3bits                                                            (abs)        000FA3
_PIR3bits                                                            (abs)        000FA4
_PORTBbits                                                           (abs)        000F81
_PORTCbits                                                           (abs)        000F82
_RXB0CON                                                             (abs)        000F60
_RXB0CONbits                                                         (abs)        000F60
_RXB0D0                                                              (abs)        000F66
_RXB0D1                                                              (abs)        000F67
_RXB0D2                                                              (abs)        000F68
_RXB0D3                                                              (abs)        000F69
_RXB0D4                                                              (abs)        000F6A
_RXB0D5                                                              (abs)        000F6B
_RXB0D6                                                              (abs)        000F6C
_RXB0D7                                                              (abs)        000F6D
_RXB0DLC                                                             (abs)        000F65
_RXB0SIDH                                                            (abs)        000F61
_RXB0SIDL                                                            (abs)        000F62
_RXF0SIDH                                                            (abs)        000F00
_RXF0SIDL                                                            (abs)        000F01
_RXF1SIDH                                                            (abs)        000F04
_RXF1SIDL                                                            (abs)        000F05
_RXM0SIDH                                                            (abs)        000F18
_RXM0SIDL                                                            (abs)        000F19
_TRISBbits                                                           (abs)        000F93
_TRISCbits                                                           (abs)        000F94
_TXB0CON                                                             (abs)        000F40
_TXB0D0                                                              (abs)        000F46
_TXB0D1                                                              (abs)        000F47
_TXB0D2                                                              (abs)        000F48
_TXB0D3                                                              (abs)        000F49
_TXB0D4                                                              (abs)        000F4A
_TXB0D5                                                              (abs)        000F4B
_TXB0D6                                                              (abs)        000F4C
_TXB0D7                                                              (abs)        000F4D
_TXB0DLC                                                             (abs)        000F45
_TXB0SIDH                                                            (abs)        000F41
_TXB0SIDL                                                            (abs)        000F42
__HRAM                                                               (abs)        000000
__Habs1                                                              abs1         000000
__Hbank0                                                             bank0        000000
__Hbank1                                                             bank1        000000
__Hbank2                                                             bank2        000000
__Hbank3                                                             bank3        000000
__Hbank4                                                             bank4        000000
__Hbank5                                                             bank5        000000
__Hbigbss                                                            bigbss       000000
__Hbigdata                                                           bigdata      000000
__Hbigram                                                            bigram       000000
__Hbigsfr                                                            bigsfr       000000
__Hbss                                                               bss          000000
__HbssCOMRAM                                                         bssCOMRAM    000000
__Hcinit                                                             cinit        000000
__Hclrtext                                                           clrtext      000000
__Hcomram                                                            comram       000000
__Hconfig                                                            config       30000E
__Hconst                                                             const        000000
__HcstackCOMRAM                                                      cstackCOMRAM 000000
__Hdata                                                              data         000000
__Heeprom_data                                                       eeprom_data  000000
__Hfarbss                                                            farbss       000000
__Hfardata                                                           fardata      000000
__Hheap                                                              heap         000000
__Hibigdata                                                          ibigdata     000000
__Hidata                                                             idata        000000
__Hidloc                                                             idloc        200008
__Hifardata                                                          ifardata     000000
__Hinit                                                              init         000030
__Hintcode                                                           intcode      00002C
__Hintcode_body                                                      intcode_body 000000
__Hintcodelo                                                         intcodelo    00002C
__Hintentry                                                          intentry     000000
__Hintret                                                            intret       000000
__Hintsave_regs                                                      intsave_regs 000000
__Hirdata                                                            irdata       000000
__Hmediumconst                                                       mediumconst  000000
__HnvFARRAM                                                          nvFARRAM     000000
__Hnvbit                                                             nvbit        000000
__Hnvrram                                                            nvrram       000000
__Hparam                                                             rparam       000000
__Hpowerup                                                           powerup      00002C
__Hram                                                               ram          000000
__Hramtop                                                            ramtop       000600
__Hrbit                                                              rbit         000000
__Hrbss                                                              rbss         000000
__Hrdata                                                             rdata        000000
__Hreset_vec                                                         reset_vec    000006
__Hrparam                                                            rparam       000000
__Hsfr                                                               sfr          000000
__Hsmallconst                                                        smallconst   000000
__Hspace_0                                                           (abs)        0007D6
__Hspace_1                                                           (abs)        000020
__Hspace_2                                                           (abs)        000000
__Hspace_4                                                           (abs)        60000E
__Hstack                                                             stack        000000
__Hstruct                                                            struct       000000
__Htemp                                                              temp         000020
__Htext                                                              text         000000
__Htext0                                                             text0        000000
__Htext1                                                             text1        000000
__Htext10                                                            text10       000000
__Htext11                                                            text11       000000
__Htext12                                                            text12       000000
__Htext14                                                            text14       000000
__Htext15                                                            text15       000000
__Htext16                                                            text16       000000
__Htext17                                                            text17       000000
__Htext18                                                            text18       000000
__Htext19                                                            text19       000000
__Htext2                                                             text2        000000
__Htext3                                                             text3        000000
__Htext4                                                             text4        000000
__Htext5                                                             text5        000000
__Htext6                                                             text6        000000
__Htext7                                                             text7        000000
__Htext8                                                             text8        000000
__Htext9                                                             text9        000000
__LRAM                                                               (abs)        000001
__Labs1                                                              abs1         000000
__Lbank0                                                             bank0        000000
__Lbank1                                                             bank1        000000
__Lbank2                                                             bank2        000000
__Lbank3                                                             bank3        000000
__Lbank4                                                             bank4        000000
__Lbank5                                                             bank5        000000
__Lbigbss                                                            bigbss       000000
__Lbigdata                                                           bigdata      000000
__Lbigram                                                            bigram       000000
__Lbigsfr                                                            bigsfr       000000
__Lbss                                                               bss          000000
__LbssCOMRAM                                                         bssCOMRAM    000000
__Lcinit                                                             cinit        000000
__Lclrtext                                                           clrtext      000000
__Lcomram                                                            comram       000000
__Lconfig                                                            config       000000
__Lconst                                                             const        000000
__LcstackCOMRAM                                                      cstackCOMRAM 000000
__Ldata                                                              data         000000
__Leeprom_data                                                       eeprom_data  000000
__Lfarbss                                                            farbss       000000
__Lfardata                                                           fardata      000000
__Lheap                                                              heap         000000
__Libigdata                                                          ibigdata     000000
__Lidata                                                             idata        000000
__Lidloc                                                             idloc        000000
__Lifardata                                                          ifardata     000000
__Linit                                                              init         00002C
__Lintcode                                                           intcode      000008
__Lintcode_body                                                      intcode_body 000000
__Lintcodelo                                                         intcodelo    00002C
__Lintentry                                                          intentry     000000
__Lintret                                                            intret       000000
__Lintsave_regs                                                      intsave_regs 000000
__Lirdata                                                            irdata       000000
__Lmediumconst                                                       mediumconst  000000
__LnvFARRAM                                                          nvFARRAM     000000
__Lnvbit                                                             nvbit        000000
__Lnvrram                                                            nvrram       000000
__Lparam                                                             rparam       000000
__Lpowerup                                                           powerup      00002C
__Lram                                                               ram          000000
__Lramtop                                                            ramtop       000600
__Lrbit                                                              rbit         000000
__Lrbss                                                              rbss         000000
__Lrdata                                                             rdata        000000
__Lreset_vec                                                         reset_vec    000000
__Lrparam                                                            rparam       000000
__Lsfr                                                               sfr          000000
__Lsmallconst                                                        smallconst   000000
__Lspace_0                                                           (abs)        000000
__Lspace_1                                                           (abs)        000000
__Lspace_2                                                           (abs)        000000
__Lspace_4                                                           (abs)        000000
__Lstack                                                             stack        000000
__Lstruct                                                            struct       000000
__Ltemp                                                              temp         00001F
__Ltext                                                              text         000000
__Ltext0                                                             text0        000000
__Ltext1                                                             text1        000000
__Ltext10                                                            text10       000000
__Ltext11                                                            text11       000000
__Ltext12                                                            text12       000000
__Ltext14                                                            text14       000000
__Ltext15                                                            text15       000000
__Ltext16                                                            text16       000000
__Ltext17                                                            text17       000000
__Ltext18                                                            text18       000000
__Ltext19                                                            text19       000000
__Ltext2                                                             text2        000000
__Ltext3                                                             text3        000000
__Ltext4                                                             text4        000000
__Ltext5                                                             text5        000000
__Ltext6                                                             text6        000000
__Ltext7                                                             text7        000000
__Ltext8                                                             text8        000000
__Ltext9                                                             text9        000000
__S0                                                                 (abs)        0007D6
__S1                                                                 (abs)        000020
__S4                                                                 (abs)        000000
__S5                                                                 (abs)        000000
___heap_hi                                                           (abs)        000000
___heap_lo                                                           (abs)        000000
___inthi_sp                                                          stack        000000
___intlo_sp                                                          stack        000000
___param_bank                                                        (abs)        000000
___rparam_used                                                       (abs)        000001
___sp                                                                stack        000000
__accesstop                                                          (abs)        000060
__activetblptr                                                       (abs)        000000
__cntErrataNOP_C:\Users\sk69648\AppData\Local\Temp\xcAs1lc.o         (abs)        000001
__cntErrataNOP_dist/default/production\cruize_control.X.production.o (abs)        0000B0
__end_of_ISR1                                                        intcode      00002C
__end_of__initialization                                             cinit        00075E
__end_of_can_init                                                    text12       0007D4
__end_of_can_read                                                    text14       000630
__end_of_can_write                                                   text10       0005C0
__end_of_cc_led_change                                               text9        0004C8
__end_of_change_err_stat_nLED                                        text8        000686
__end_of_find_distance_from_nrcs                                     text19       0003FC
__end_of_find_fault_data                                             text18       0006C6
__end_of_find_speed_cmd                                              text17       0002AA
__end_of_get_mode                                                    text6        000734
__end_of_init_inp_out                                                text7        000792
__end_of_main                                                        text0        000546
__end_of_nrcs_data_extract                                           text16       000714
__end_of_set_baudrate                                                text5        0006EE
__end_of_set_byte_transmission                                       text4        00077E
__end_of_set_filter                                                  text3        000752
__end_of_set_mask                                                    text2        0007A4
__end_of_set_mode                                                    text11       0007BE
__end_of_sys_init                                                    text1        0007B2
__end_ofi2_set_mode                                                  text15       0007CA
__initialization                                                     cinit        000752
__mediumconst                                                        mediumconst  000000
__pbssCOMRAM                                                         bssCOMRAM    000001
__pcinit                                                             cinit        000752
__pcstackCOMRAM                                                      cstackCOMRAM 000018
__pintcode                                                           intcode      000008
__ptext0                                                             text0        0004C8
__ptext1                                                             text1        0007A4
__ptext10                                                            text10       000546
__ptext11                                                            text11       0007B2
__ptext12                                                            text12       0007CA
__ptext14                                                            text14       0005C0
__ptext15                                                            text15       0007BE
__ptext16                                                            text16       0006EE
__ptext17                                                            text17       000030
__ptext18                                                            text18       000686
__ptext19                                                            text19       0002AA
__ptext2                                                             text2        000792
__ptext3                                                             text3        000734
__ptext4                                                             text4        000768
__ptext5                                                             text5        0006C6
__ptext6                                                             text6        000714
__ptext7                                                             text7        00077E
__ptext8                                                             text8        000630
__ptext9                                                             text9        0003FE
__ramtop                                                             ramtop       000600
__smallconst                                                         smallconst   000000
_byte1                                                               bssCOMRAM    00000E
_byte2                                                               bssCOMRAM    00000D
_byte3                                                               bssCOMRAM    00000C
_can_init                                                            text12       0007CA
_can_read                                                            text14       0005C0
_can_write                                                           text10       000546
_cc_led_change                                                       text9        0003FE
_cc_nrcs_stat                                                        bssCOMRAM    000017
_cc_switch_stat                                                      bssCOMRAM    000016
_change_err_stat_nLED                                                text8        000630
_current_speed                                                       bssCOMRAM    000011
_data_byte                                                           bssCOMRAM    000001
_fault_counter                                                       bssCOMRAM    000012
_find_distance_from_nrcs                                             text19       0002AA
_find_fault_data                                                     text18       000686
_find_speed_cmd                                                      text17       000030
_get_mode                                                            text6        000714
_init_inp_out                                                        text7        00077E
_main                                                                text0        0004C8
_nrcs_data                                                           bssCOMRAM    000013
_nrcs_data_extract                                                   text16       0006EE
_range_stat                                                          bssCOMRAM    00000F
_set_baudrate                                                        text5        0006C6
_set_byte_transmission                                               text4        000768
_set_filter                                                          text3        000734
_set_mask                                                            text2        000792
_set_mode                                                            text11       0007B2
_speed_cmd                                                           bssCOMRAM    000015
_speed_cmd_status                                                    bssCOMRAM    000010
_sys_init                                                            text1        0007A4
_warning_lamp_status                                                 bssCOMRAM    000014
btemp                                                                temp         00001F
can_write@byte_cc_status_2                                           cstackCOMRAM 00001A
can_write@byte_speed_cmd_1                                           cstackCOMRAM 00001E
can_write@wl_status_3                                                cstackCOMRAM 00001B
end_of_initialization                                                cinit        00075E
get_mode@mode                                                        cstackCOMRAM 000019
i2_set_mode                                                          text15       0007BE
i2set_mode@mode                                                      cstackCOMRAM 000018
int$flags                                                            temp         00001F
intlevel0                                                            text         0007D4
intlevel1                                                            text         0007D4
intlevel2                                                            text         0007D4
intlevel3                                                            text         0007D4
isa$std                                                              (abs)        000001
isa$xinst                                                            (abs)        000000
set_mode@mode                                                        cstackCOMRAM 000019
stackhi                                                              (abs)        000000
stacklo                                                              (abs)        000000
start                                                                init         00002C
start_initialization                                                 cinit        000752
ttemp5                                                               temp         000020
ttemp6                                                               temp         000023
ttemp7                                                               temp         000027
wtemp8                                                               temp         000020


MODULE INFORMATION

Module		Function		Class		Link	Load	Size
CAN_MAIN.C
		_init_inp_out  		CODE           	077E	0000	20
		_main          		CODE           	04C8	0000	126
		_find_fault_data		CODE           	0686	0000	64
		_change_err_stat_nLED		CODE           	0630	0000	86
		_nrcs_data_extract		CODE           	06EE	0000	38
		_find_distance_from_nrcs		CODE           	02AA	0000	338
		_set_byte_transmission		CODE           	0768	0000	22
		_cc_led_change 		CODE           	03FE	0000	202
		_find_speed_cmd		CODE           	0030	0000	634

CAN_MAIN.C estimated size: 1530

CAN_FN_DEFNITION.c
		_can_write     		CODE           	0546	0000	122
		_sys_init      		CODE           	07A4	0000	14
		_can_read      		CODE           	05C0	0000	112
		_get_mode      		CODE           	0714	0000	32
		_can_init      		CODE           	07CA	0000	10
		_set_mode      		CODE           	07B2	0000	12
		_ISR1          		CODE           	0008	0000	36
		_set_baudrate  		CODE           	06C6	0000	40
		_set_filter    		CODE           	0734	0000	30
		_set_mask      		CODE           	0792	0000	18

CAN_FN_DEFNITION.c estimated size: 426

shared
		__initialization		CODE           	0752	0000	12
		i2_set_mode    		CODE           	07BE	0000	12

shared estimated size: 24

